// Vitest Snapshot v1

exports[`TimeLine > should match snapshot 1`] = `
{
  "asFragment": [Function],
  "baseElement": <body>
    <div>
      <div
        class="_container_443994"
      >
        <video
          class="_video_443994"
          data-testid="video-player"
          src="test"
        />
        <div
          class="_controls_443994"
        >
          <input
            aria-label="Timeline"
            class="_timeline_2c5235"
            max="100"
            min="0"
            type="range"
            value="0"
          />
          <div
            class="_actions_449f60"
          >
            <button
              class="_square_449f60"
              data-testid="actions-button"
            >
              <div
                class="_playback_449f60"
                data-testid="actions-playing"
              />
            </button>
            <p
              class="text text_small"
            >
              00:00:00
               / 
              00:01:00
            </p>
          </div>
        </div>
      </div>
    </div>
  </body>,
  "container": <div>
    <div
      class="_container_443994"
    >
      <video
        class="_video_443994"
        data-testid="video-player"
        src="test"
      />
      <div
        class="_controls_443994"
      >
        <input
          aria-label="Timeline"
          class="_timeline_2c5235"
          max="100"
          min="0"
          type="range"
          value="0"
        />
        <div
          class="_actions_449f60"
        >
          <button
            class="_square_449f60"
            data-testid="actions-button"
          >
            <div
              class="_playback_449f60"
              data-testid="actions-playing"
            />
          </button>
          <p
            class="text text_small"
          >
            00:00:00
             / 
            00:01:00
          </p>
        </div>
      </div>
    </div>
  </div>,
  "debug": [Function],
  "findAllByAltText": [Function],
  "findAllByDisplayValue": [Function],
  "findAllByLabelText": [Function],
  "findAllByPlaceholderText": [Function],
  "findAllByRole": [Function],
  "findAllByTestId": [Function],
  "findAllByText": [Function],
  "findAllByTitle": [Function],
  "findByAltText": [Function],
  "findByDisplayValue": [Function],
  "findByLabelText": [Function],
  "findByPlaceholderText": [Function],
  "findByRole": [Function],
  "findByTestId": [Function],
  "findByText": [Function],
  "findByTitle": [Function],
  "getAllByAltText": [Function],
  "getAllByDisplayValue": [Function],
  "getAllByLabelText": [Function],
  "getAllByPlaceholderText": [Function],
  "getAllByRole": [Function],
  "getAllByTestId": [Function],
  "getAllByText": [Function],
  "getAllByTitle": [Function],
  "getByAltText": [Function],
  "getByDisplayValue": [Function],
  "getByLabelText": [Function],
  "getByPlaceholderText": [Function],
  "getByRole": [Function],
  "getByTestId": [Function],
  "getByText": [Function],
  "getByTitle": [Function],
  "queryAllByAltText": [Function],
  "queryAllByDisplayValue": [Function],
  "queryAllByLabelText": [Function],
  "queryAllByPlaceholderText": [Function],
  "queryAllByRole": [Function],
  "queryAllByTestId": [Function],
  "queryAllByText": [Function],
  "queryAllByTitle": [Function],
  "queryByAltText": [Function],
  "queryByDisplayValue": [Function],
  "queryByLabelText": [Function],
  "queryByPlaceholderText": [Function],
  "queryByRole": [Function],
  "queryByTestId": [Function],
  "queryByText": [Function],
  "queryByTitle": [Function],
  "rerender": [Function],
  "unmount": [Function],
}
`;
